
student@plab24 MINGW64 ~
$ cd..
bash: cd..: command not found

student@plab24 MINGW64 ~
$ cd ..

student@plab24 MINGW64 /c/Users
$ cd student/desktop/Manu

student@plab24 MINGW64 ~/desktop/Manu
$ git clone<https://github.com/MG17manu/test.git>
bash: syntax error near unexpected token `newline'

student@plab24 MINGW64 ~/desktop/Manu
$ git clone "https://github.com/MG17manu/test.git"
Cloning into 'test'...
remote: Enumerating objects: 81, done.
remote: Counting objects: 100% (27/27), done.
remote: Compressing objects: 100% (10/10), done.
remote: Total 81 (delta 22), reused 17 (delta 17), pack-reused 54
Receiving objects: 100% (81/81), 42.28 KiB | 8.46 MiB/s, done.
Resolving deltas: 100% (31/31), done.

student@plab24 MINGW64 ~/desktop/Manu
$ git branch f1
fatal: not a git repository (or any of the parent directories): .git

student@plab24 MINGW64 ~/desktop/Manu
$ git branch f2
fatal: not a git repository (or any of the parent directories): .git

student@plab24 MINGW64 ~/desktop/Manu
$ git branch master
fatal: not a git repository (or any of the parent directories): .git

student@plab24 MINGW64 ~/desktop/Manu
$ git clone https://github.com/MG17manu/Data-Structure-Algorithm-Programs.git
Cloning into 'Data-Structure-Algorithm-Programs'...
remote: Enumerating objects: 2895, done.
remote: Counting objects: 100% (908/908), done.
remote: Compressing objects: 100% (221/221), done.
remote: Total 2895 (delta 732), reused 852 (delta 682), pack-reused 1987
Receiving objects: 100% (2895/2895), 4.64 MiB | 23.29 MiB/s, done.
Resolving deltas: 100% (1547/1547), done.
error: invalid path 'src/Algorithms/Dynamic Programming/12 Coin change problem : maximum no of ways.cpp'
fatal: unable to checkout working tree
warning: Clone succeeded, but checkout failed.
You can inspect what was checked out with 'git status'
and retry with 'git restore --source=HEAD :/'


student@plab24 MINGW64 ~/desktop/Manu
$ git branch f1
fatal: not a git repository (or any of the parent directories): .git

student@plab24 MINGW64 ~/desktop/Manu
$ cd Data-Structure_Algorithm_programs
bash: cd: Data-Structure_Algorithm_programs: No such file or directory

student@plab24 MINGW64 ~/desktop/Manu
$ cd Data-Structure-Algorithm-programs

student@plab24 MINGW64 ~/desktop/Manu/Data-Structure-Algorithm-programs (master)
$ git clone https://github.com/MG17manu/Data-Structure-Algorithm-Programs.git
Cloning into 'Data-Structure-Algorithm-Programs'...
remote: Enumerating objects: 2895, done.
remote: Counting objects: 100% (908/908), done.
remote: Compressing objects: 100% (221/221), done.
remote: Total 2895 (delta 732), reused 852 (delta 682), pack-reused 1987
Receiving objects: 100% (2895/2895), 4.64 MiB | 24.75 MiB/s, done.
Resolving deltas: 100% (1547/1547), done.
error: invalid path 'src/Algorithms/Dynamic Programming/12 Coin change problem : maximum no of ways.cpp'
fatal: unable to checkout working tree
warning: Clone succeeded, but checkout failed.
You can inspect what was checked out with 'git status'
and retry with 'git restore --source=HEAD :/'


student@plab24 MINGW64 ~/desktop/Manu/Data-Structure-Algorithm-programs (master)
$ git branch f1

student@plab24 MINGW64 ~/desktop/Manu/Data-Structure-Algorithm-programs (master)
$ git branch f1
fatal: a branch named 'f1' already exists

student@plab24 MINGW64 ~/desktop/Manu/Data-Structure-Algorithm-programs (master)
$ nano first.txt

student@plab24 MINGW64 ~/desktop/Manu/Data-Structure-Algorithm-programs (master)
$ git add first.txt
warning: in the working copy of 'first.txt', LF will be replaced by CRLF the next time Git touches it

student@plab24 MINGW64 ~/desktop/Manu/Data-Structure-Algorithm-programs (master)
$ git commit -m "msg"

student@plab24 MINGW64 ~/desktop/Manu/Data-Structure-Algorithm-programs (master)
$ git checkout f1
error: invalid path 'src/Algorithms/Dynamic Programming/12 Coin change problem : maximum no of ways.cpp'
error: invalid path 'src/Algorithms/Dynamic Programming/13 Coin change problem: Minimum number of coin.cpp'
error: invalid path 'src/cpp/** inheritence.cpp'

student@plab24 MINGW64 ~/desktop/Manu/Data-Structure-Algorithm-programs (master)
$ git checkout f2
error: pathspec 'f2' did not match any file(s) known to git

student@plab24 MINGW64 ~/desktop/Manu/Data-Structure-Algorithm-programs (master)
$ git branch f1
fatal: a branch named 'f1' already exists

student@plab24 MINGW64 ~/desktop/Manu/Data-Structure-Algorithm-programs (master)
$ git branch f2

student@plab24 MINGW64 ~/desktop/Manu/Data-Structure-Algorithm-programs (master)
$ git checkout f2
Switched to branch 'f2'

student@plab24 MINGW64 ~/desktop/Manu/Data-Structure-Algorithm-programs (f2)
$ nano second.txt

student@plab24 MINGW64 ~/desktop/Manu/Data-Structure-Algorithm-programs (f2)
$ git add second.txt
warning: in the working copy of 'second.txt', LF will be replaced by CRLF the next time Git touches it

student@plab24 MINGW64 ~/desktop/Manu/Data-Structure-Algorithm-programs (f2)
$ git commit -m "msg"
[f2 033dd3b] msg
 1 file changed, 1 insertion(+)
 create mode 100644 second.txt

student@plab24 MINGW64 ~/desktop/Manu/Data-Structure-Algorithm-programs (f2)
$ git checkout master
Switched to branch 'master'
Your branch is ahead of 'origin/master' by 1 commit.
  (use "git push" to publish your local commits)

student@plab24 MINGW64 ~/desktop/Manu/Data-Structure-Algorithm-programs (master)
$ git merge f2
Updating 76536f9..033dd3b
Fast-forward
 second.txt | 1 +
 1 file changed, 1 insertion(+)
 create mode 100644 second.txt

student@plab24 MINGW64 ~/desktop/Manu/Data-Structure-Algorithm-programs (master)
$ nano first.txt

student@plab24 MINGW64 ~/desktop/Manu/Data-Structure-Algorithm-programs (master)
$ git add first.txt
warning: in the working copy of 'first.txt', LF will be replaced by CRLF the next time Git touches it

student@plab24 MINGW64 ~/desktop/Manu/Data-Structure-Algorithm-programs (master)
$ git commit -m "msg"
[master 7204d8a] msg
 1 file changed, 1 insertion(+)

student@plab24 MINGW64 ~/desktop/Manu/Data-Structure-Algorithm-programs (master)
$ git checkout f2
Switched to branch 'f2'

student@plab24 MINGW64 ~/desktop/Manu/Data-Structure-Algorithm-programs (f2)
$ nano first.txt

student@plab24 MINGW64 ~/desktop/Manu/Data-Structure-Algorithm-programs (f2)
$ git add first.txt

student@plab24 MINGW64 ~/desktop/Manu/Data-Structure-Algorithm-programs (f2)
$ git commit -m "msg"
[f2 d64f993] msg
 1 file changed, 1 insertion(+)

student@plab24 MINGW64 ~/desktop/Manu/Data-Structure-Algorithm-programs (f2)
$ git checkout master
Switched to branch 'master'
Your branch is ahead of 'origin/master' by 3 commits.
  (use "git push" to publish your local commits)

student@plab24 MINGW64 ~/desktop/Manu/Data-Structure-Algorithm-programs (master)
$ git merge f2
Auto-merging first.txt
CONFLICT (content): Merge conflict in first.txt
Automatic merge failed; fix conflicts and then commit the result.

student@plab24 MINGW64 ~/desktop/Manu/Data-Structure-Algorithm-programs (master|MERGING)
$ git diff
diff --cc first.txt
index 5c768c2,0025623..0000000
--- a/first.txt
+++ b/first.txt
@@@ -1,2 -1,2 +1,6 @@@
  hellooooo
++<<<<<<< HEAD
 +hiiiiiiii
++=======
+ manu
++>>>>>>> f2

student@plab24 MINGW64 ~/desktop/Manu/Data-Structure-Algorithm-programs (master|MERGING)
$

